{"host":"155.186.88.120", "user-identifier":"goodwin1117", "datetime":"24/May/2022:14:58:20 -0700", "method": "PUT", "request": "/granular/incubate", "protocol":"HTTP/1.0", "status":406, "bytes":10077, "referer": "https://www.districtmagnetic.info/aggregate/experiences/best-of-breed"}
{"host":"233.146.58.167", "user-identifier":"-", "datetime":"24/May/2022:14:58:21 -0700", "method": "PATCH", "request": "/visualize/models", "protocol":"HTTP/2.0", "status":406, "bytes":11978, "referer": "https://www.internalone-to-one.com/bleeding-edge"}
{"host":"242.92.46.89", "user-identifier":"mraz6551", "datetime":"24/May/2022:14:58:22 -0700", "method": "HEAD", "request": "/enable/transparent/granular/eyeballs", "protocol":"HTTP/2.0", "status":401, "bytes":431, "referer": "http://www.legacyfront-end.com/drive/proactive/impactful"}
{"host":"151.50.131.222", "user-identifier":"eichmann8123", "datetime":"24/May/2022:14:58:23 -0700", "method": "POST", "request": "/holistic/e-business/implement", "protocol":"HTTP/2.0", "status":301, "bytes":21138, "referer": "http://www.investorinnovate.biz/out-of-the-box/visionary/mission-critical/unleash"}
{"host":"86.37.66.17", "user-identifier":"mohr1843", "datetime":"24/May/2022:14:58:24 -0700", "method": "HEAD", "request": "/vertical/bandwidth/repurpose", "protocol":"HTTP/2.0", "status":201, "bytes":19186, "referer": "https://www.regionalstrategize.info/next-generation/synergies"}
{"host":"195.156.137.88", "user-identifier":"-", "datetime":"24/May/2022:14:58:25 -0700", "method": "HEAD", "request": "/transform", "protocol":"HTTP/1.1", "status":400, "bytes":14193, "referer": "http://www.humanrevolutionary.com/leverage/recontextualize"}
{"host":"207.142.40.56", "user-identifier":"-", "datetime":"24/May/2022:14:58:26 -0700", "method": "POST", "request": "/drive/aggregate", "protocol":"HTTP/2.0", "status":304, "bytes":17781, "referer": "https://www.seniormagnetic.biz/24/7"}
{"host":"40.158.102.109", "user-identifier":"-", "datetime":"24/May/2022:14:58:27 -0700", "method": "PUT", "request": "/synthesize/viral", "protocol":"HTTP/2.0", "status":401, "bytes":25108, "referer": "https://www.regionalopen-source.io/virtual"}
{"host":"98.47.250.3", "user-identifier":"king3618", "datetime":"24/May/2022:14:58:28 -0700", "method": "POST", "request": "/optimize/24%2f365/utilize/bandwidth", "protocol":"HTTP/2.0", "status":502, "bytes":23889, "referer": "https://www.legacycross-media.biz/killer/interactive/redefine/web services"}
{"host":"157.37.55.70", "user-identifier":"-", "datetime":"24/May/2022:14:58:29 -0700", "method": "DELETE", "request": "/compelling/unleash/mission-critical", "protocol":"HTTP/2.0", "status":500, "bytes":13415, "referer": "https://www.productunleash.info/value-added/wireless/exploit/leverage"}
{"host":"6.65.185.97", "user-identifier":"-", "datetime":"24/May/2022:14:58:30 -0700", "method": "POST", "request": "/rich", "protocol":"HTTP/1.1", "status":304, "bytes":7725, "referer": "https://www.customersynergies.io/customized/robust/monetize"}
{"host":"9.86.88.188", "user-identifier":"-", "datetime":"24/May/2022:14:58:31 -0700", "method": "GET", "request": "/synergistic", "protocol":"HTTP/1.0", "status":100, "bytes":28502, "referer": "https://www.chiefweb-readiness.biz/visualize"}
{"host":"137.3.48.203", "user-identifier":"hackett6187", "datetime":"24/May/2022:14:58:32 -0700", "method": "GET", "request": "/models/redefine/iterate", "protocol":"HTTP/1.0", "status":406, "bytes":6278, "referer": "http://www.productwireless.net/applications/global/functionalities"}
{"host":"232.70.16.221", "user-identifier":"lakin5407", "datetime":"24/May/2022:14:58:33 -0700", "method": "GET", "request": "/intuitive", "protocol":"HTTP/1.1", "status":502, "bytes":28384, "referer": "http://www.forwardscale.org/e-business"}
{"host":"124.165.152.63", "user-identifier":"armstrong6625", "datetime":"24/May/2022:14:58:34 -0700", "method": "DELETE", "request": "/functionalities", "protocol":"HTTP/1.0", "status":100, "bytes":11800, "referer": "http://www.legacyexpedite.org/recontextualize"}
{"host":"188.120.141.85", "user-identifier":"weimann8304", "datetime":"24/May/2022:14:58:35 -0700", "method": "DELETE", "request": "/methodologies/iterate", "protocol":"HTTP/1.1", "status":304, "bytes":4029, "referer": "http://www.globalfunctionalities.net/cross-media/open-source/cutting-edge"}
{"host":"170.12.132.149", "user-identifier":"reichel1401", "datetime":"24/May/2022:14:58:36 -0700", "method": "DELETE", "request": "/optimize/synthesize/monetize/whiteboard", "protocol":"HTTP/1.0", "status":400, "bytes":20382, "referer": "http://www.leadexperiences.biz/world-class/enable"}
{"host":"70.102.197.95", "user-identifier":"dicki6424", "datetime":"24/May/2022:14:58:37 -0700", "method": "DELETE", "request": "/innovative/mesh/streamline", "protocol":"HTTP/2.0", "status":203, "bytes":27151, "referer": "http://www.corporateefficient.biz/infrastructures/robust"}
{"host":"52.240.86.37", "user-identifier":"lubowitz8836", "datetime":"24/May/2022:14:58:38 -0700", "method": "PUT", "request": "/morph/sexy/interfaces/integrate", "protocol":"HTTP/1.0", "status":302, "bytes":28056, "referer": "https://www.directarchitectures.org/bleeding-edge/methodologies/real-time"}
{"host":"137.100.143.190", "user-identifier":"-", "datetime":"24/May/2022:14:58:39 -0700", "method": "DELETE", "request": "/integrated/communities/collaborative", "protocol":"HTTP/1.1", "status":401, "bytes":22745, "referer": "https://www.investorredefine.info/portals"}
